◇ injected env (1) from .env // tip: ⌘ enable debugging { debug: true }

╔══════════════════════════════════════╗
║           VeriBrowse                 ║
║   Verified Browser Automation Agent  ║
╚══════════════════════════════════════╝

What do you want me to do?
> 
Starting task: "Find the signup page on Reddit."

Taking initial browser snapshot…
  Snapshot was truncated by WebCMD

━━━ Step 1/12 ━━━
Asking planner…
(node:22984) Warning: Setting the NODE_TLS_REJECT_UNAUTHORIZED environment variable to '0' makes TLS connections and HTTPS requests insecure by disabling certificate verification.
(Use `node --trace-warnings ...` to show where the warning was created)
Action: {"action":"type","ref":"l16","target":"Search","text":"Reddit signup","role":"combobox"}
Executing: await (async () => {
  async function robustFill(loc, text) {
    if (await loc.count() === 0) return false;
    try { await loc.first().fill(text, { timeout: 3000 }); return true; }
    catch(e) {
      try { await loc.first().dispatchEvent('focus'); await loc.first().fill(text, { force: true, timeout: 2000 }); return true; }
      catch(e2) { return false; }
    }
  }
  let el = page.getByRole('combobox', { name: 'Search', exact: true });
  if (await robustFill(el, 'Reddit signup')) return;
  el = page.getByRole('combobox', { name: 'Search' });
  if (await robustFill(el, 'Reddit signup')) return;
  el = page.getByPlaceholder('Search');
  if (await robustFill(el, 'Reddit signup')) return;
  throw new Error('Field not found or not fillable');
})();
Taking post-action snapshot…
  Snapshot was truncated by WebCMD
Verifying action result…
✅ Verification: SUCCESS — The user successfully entered 'Reddit signup' into the search box, which moves them closer to finding the signup page on Reddit.

━━━ Step 2/12 ━━━
Asking planner…
Action: {"action":"click","ref":"l39","target":"reddit signup page","role":"option"}
Executing: await (async () => {
  async function robustClick(loc) {
    if (await loc.count() === 0) return false;
    try { await loc.first().click({ timeout: 3000 }); return true; }
    catch(e) {
      try { await loc.first().dispatchEvent('click', { timeout: 2000 }); return true; }
      catch(e2) { return false; }
    }
  }
  el = page.getByRole('option', { name: 'reddit signup page', exact: true });
  if (await robustClick(el)) return;
  el = page.getByRole('option', { name: 'reddit signup page' });
  if (await robustClick(el)) return;
  el = page.getByText('reddit signup page');
  if (await robustClick(el)) return;
  throw new Error('Element not found or not clickable');
})();
Taking post-action snapshot…
  Snapshot was truncated by WebCMD
Verifying action result…
✅ Verification: SUCCESS — The user has successfully navigated from Google to a search results page for 'reddit signup page', which brings them closer to finding the signup page on Reddit.

━━━ Step 3/12 ━━━
Asking planner…
Action: {"action":"click","ref":"l52","target":"Reddit Homepage","role":"link","href":"https://www.reddit.com"}
Executing: await (async () => {
  async function robustClick(loc) {
    if (await loc.count() === 0) return false;
    try { await loc.first().click({ timeout: 3000 }); return true; }
    catch(e) {
      try { await loc.first().dispatchEvent('click', { timeout: 2000 }); return true; }
      catch(e2) { return false; }
    }
  }
  el = page.getByRole('link', { name: 'Reddit Homepage', exact: true });
  if (await robustClick(el)) return;
  el = page.getByRole('link', { name: 'Reddit Homepage' });
  if (await robustClick(el)) return;
  el = page.getByText('Reddit Homepage');
  if (await robustClick(el)) return;
  throw new Error('Element not found or not clickable');
})();
Taking post-action snapshot…
  Snapshot was truncated by WebCMD
Verifying action result…
❌ Verification: FAILED — The action did not navigate to the Reddit signup page; it remains on the Google search results page.

━━━ Step 4/12 ━━━
Asking planner…
Action: {"action":"click","ref":"l64","target":"How do I sign up for a Reddit account? Reddit Help","role":"link","href":"https://support.reddithelp.com/en-us/articles/36006..."}
Executing: await (async () => {
  async function robustClick(loc) {
    if (await loc.count() === 0) return false;
    try { await loc.first().click({ timeout: 3000 }); return true; }
    catch(e) {
      try { await loc.first().dispatchEvent('click', { timeout: 2000 }); return true; }
      catch(e2) { return false; }
    }
  }
  let el = page.locator('a[href*="/en-us/articles/36006..."]');
  if (await robustClick(el)) return;
  el = page.getByRole('link', { name: 'How do I sign up for a Reddit account? Reddit Help', exact: true });
  if (await robustClick(el)) return;
  el = page.getByRole('link', { name: 'How do I sign up for a Reddit account? Reddit Help' });
  if (await robustClick(el)) return;
  el = page.getByText('How do I sign up for a Reddit account? Reddit Help');
  if (await robustClick(el)) return;
  throw new Error('Element not found or not clickable');
})();
Taking post-action snapshot…
  Snapshot was truncated by WebCMD
Verifying action result…
✅ Verification: SUCCESS — The user is now on the Reddit Help page specifically addressing how to sign up for a Reddit account, moving closer to their goal.

━━━ Step 5/12 ━━━
Asking planner…
Action: {"action":"click","ref":"l119","target":"Signing up with a phone number","role":"button"}
Executing: await (async () => {
  async function robustClick(loc) {
    if (await loc.count() === 0) return false;
    try { await loc.first().click({ timeout: 3000 }); return true; }
    catch(e) {
      try { await loc.first().dispatchEvent('click', { timeout: 2000 }); return true; }
      catch(e2) { return false; }
    }
  }
  el = page.getByRole('button', { name: 'Signing up with a phone number', exact: true });
  if (await robustClick(el)) return;
  el = page.getByRole('button', { name: 'Signing up with a phone number' });
  if (await robustClick(el)) return;
  el = page.getByText('Signing up with a phone number');
  if (await robustClick(el)) return;
  throw new Error('Element not found or not clickable');
})();
Taking post-action snapshot…
  Snapshot was truncated by WebCMD
Verifying action result…
❌ Verification: FAILED — The user attempted to sign up by clicking a button, but no new sign-up page appeared, so they are not closer to their goal.

━━━ Step 6/12 ━━━
Asking planner…
Action: {"action":"click","ref":"l137","target":"Signing up through your Google or Apple account","role":"button"}
Executing: await (async () => {
  async function robustClick(loc) {
    if (await loc.count() === 0) return false;
    try { await loc.first().click({ timeout: 3000 }); return true; }
    catch(e) {
      try { await loc.first().dispatchEvent('click', { timeout: 2000 }); return true; }
      catch(e2) { return false; }
    }
  }
  el = page.getByRole('button', { name: 'Signing up through your Google or Apple account', exact: true });
  if (await robustClick(el)) return;
  el = page.getByRole('button', { name: 'Signing up through your Google or Apple account' });
  if (await robustClick(el)) return;
  el = page.getByText('Signing up through your Google or Apple account');
  if (await robustClick(el)) return;
  throw new Error('Element not found or not clickable');
})();
Taking post-action snapshot…
  Snapshot was truncated by WebCMD
Verifying action result…
❌ Verification: FAILED — The user attempted to click the signup option but remained on the same help page, indicating no progress toward the goal.

━━━ Step 7/12 ━━━
Asking planner…
Action: {"action":"click","ref":"l146","target":"Signing up with an email address","role":"button"}
Executing: await (async () => {
  async function robustClick(loc) {
    if (await loc.count() === 0) return false;
    try { await loc.first().click({ timeout: 3000 }); return true; }
    catch(e) {
      try { await loc.first().dispatchEvent('click', { timeout: 2000 }); return true; }
      catch(e2) { return false; }
    }
  }
  el = page.getByRole('button', { name: 'Signing up with an email address', exact: true });
  if (await robustClick(el)) return;
  el = page.getByRole('button', { name: 'Signing up with an email address' });
  if (await robustClick(el)) return;
  el = page.getByText('Signing up with an email address');
  if (await robustClick(el)) return;
  throw new Error('Element not found or not clickable');
})();
Taking post-action snapshot…
  Snapshot was truncated by WebCMD
Verifying action result…
❌ Verification: FAILED — The user remains on the same page and has not progressed to a signup form or a new page related to signing up.
Too many consecutive failures without progress. Stopping.
